2026-10-06 13:45:52,498 - INFO - ========== SCRAPING STARTED ==========
2026-10-06 13:45:52,498 - INFO - Starting scraping process
2026-10-06 13:45:52,499 - INFO - Requesting page: https://books.toscrape.com/
2026-10-06 13:45:54,653 - INFO - Successfully fetched https://books.toscrape.com/ - Status: 200
2026-10-06 13:45:55,195 - INFO - Requesting page: https://books.toscrape.com/catalogue/page-2.html
2026-10-06 13:45:56,345 - INFO - Successfully fetched https://books.toscrape.com/catalogue/page-2.html - Status: 200
2026-10-06 13:45:56,874 - INFO - Requesting page: https://books.toscrape.com/catalogue/page-3.html
2026-10-06 13:45:57,685 - INFO - Successfully fetched https://books.toscrape.com/catalogue/page-3.html - Status: 200
2026-10-06 13:45:58,219 - INFO - Requesting page: https://books.toscrape.com/catalogue/page-4.html
2026-10-06 13:45:58,685 - INFO - Successfully fetched https://books.toscrape.com/catalogue/page-4.html - Status: 200
2026-10-06 13:45:59,215 - INFO - Requesting page: https://books.toscrape.com/catalogue/page-5.html
2026-10-06 13:46:00,191 - INFO - Successfully fetched https://books.toscrape.com/catalogue/page-5.html - Status: 200
2026-10-06 13:46:00,711 - INFO - Requesting page: https://books.toscrape.com/catalogue/page-6.html
2026-10-06 13:46:01,734 - INFO - Successfully fetched https://books.toscrape.com/catalogue/page-6.html - Status: 200
2026-10-06 13:46:02,261 - INFO - Requesting page: https://books.toscrape.com/catalogue/page-7.html
2026-10-06 13:46:03,255 - INFO - Successfully fetched https://books.toscrape.com/catalogue/page-7.html - Status: 200
2026-10-06 13:46:03,781 - INFO - Requesting page: https://books.toscrape.com/catalogue/page-8.html
2026-10-06 13:46:04,688 - INFO - Successfully fetched https://books.toscrape.com/catalogue/page-8.html - Status: 200
2026-10-06 13:46:05,220 - INFO - Requesting page: https://books.toscrape.com/catalogue/page-9.html
2026-10-06 13:46:06,207 - INFO - Successfully fetched https://books.toscrape.com/catalogue/page-9.html - Status: 200
2026-10-06 13:46:06,738 - INFO - Requesting page: https://books.toscrape.com/catalogue/page-10.html
2026-10-06 13:46:07,667 - INFO - Successfully fetched https://books.toscrape.com/catalogue/page-10.html - Status: 200
2026-10-06 13:46:08,196 - INFO - Requesting page: https://books.toscrape.com/catalogue/page-11.html
2026-10-06 13:46:09,195 - INFO - Successfully fetched https://books.toscrape.com/catalogue/page-11.html - Status: 200
2026-10-06 13:46:09,727 - INFO - Requesting page: https://books.toscrape.com/catalogue/page-12.html
2026-10-06 13:46:10,732 - INFO - Successfully fetched https://books.toscrape.com/catalogue/page-12.html - Status: 200
2026-10-06 13:46:11,264 - INFO - Requesting page: https://books.toscrape.com/catalogue/page-13.html
2026-10-06 13:46:12,533 - INFO - Successfully fetched https://books.toscrape.com/catalogue/page-13.html - Status: 200
2026-10-06 13:46:13,060 - INFO - Requesting page: https://books.toscrape.com/catalogue/page-14.html
2026-10-06 13:46:14,110 - INFO - Successfully fetched https://books.toscrape.com/catalogue/page-14.html - Status: 200
2026-10-06 13:46:14,640 - INFO - Requesting page: https://books.toscrape.com/catalogue/page-15.html
2026-10-06 13:46:15,645 - INFO - Successfully fetched https://books.toscrape.com/catalogue/page-15.html - Status: 200
2026-10-06 13:46:16,173 - INFO - Requesting page: https://books.toscrape.com/catalogue/page-16.html
2026-10-06 13:46:17,285 - INFO - Successfully fetched https://books.toscrape.com/catalogue/page-16.html - Status: 200
2026-10-06 13:46:17,817 - INFO - Requesting page: https://books.toscrape.com/catalogue/page-17.html
2026-10-06 13:46:18,512 - INFO - Successfully fetched https://books.toscrape.com/catalogue/page-17.html - Status: 200
2026-10-06 13:46:19,050 - INFO - Requesting page: https://books.toscrape.com/catalogue/page-18.html
2026-10-06 13:46:19,636 - INFO - Successfully fetched https://books.toscrape.com/catalogue/page-18.html - Status: 200
2026-10-06 13:46:20,167 - INFO - Requesting page: https://books.toscrape.com/catalogue/page-19.html
2026-10-06 13:46:20,852 - INFO - Successfully fetched https://books.toscrape.com/catalogue/page-19.html - Status: 200
2026-10-06 13:46:21,380 - INFO - Requesting page: https://books.toscrape.com/catalogue/page-20.html
2026-10-06 13:46:22,018 - INFO - Successfully fetched https://books.toscrape.com/catalogue/page-20.html - Status: 200
2026-10-06 13:46:22,546 - INFO - Requesting page: https://books.toscrape.com/catalogue/page-21.html
2026-10-06 13:46:23,260 - INFO - Successfully fetched https://books.toscrape.com/catalogue/page-21.html - Status: 200
2026-10-06 13:46:23,789 - INFO - Requesting page: https://books.toscrape.com/catalogue/page-22.html
2026-10-06 13:46:24,457 - INFO - Successfully fetched https://books.toscrape.com/catalogue/page-22.html - Status: 200
2026-10-06 13:46:24,973 - INFO - Requesting page: https://books.toscrape.com/catalogue/page-23.html
2026-10-06 13:46:25,783 - INFO - Successfully fetched https://books.toscrape.com/catalogue/page-23.html - Status: 200
2026-10-06 13:46:26,315 - INFO - Requesting page: https://books.toscrape.com/catalogue/page-24.html
2026-10-06 13:46:27,332 - INFO - Successfully fetched https://books.toscrape.com/catalogue/page-24.html - Status: 200
2026-10-06 13:46:27,863 - INFO - Requesting page: https://books.toscrape.com/catalogue/page-25.html
2026-10-06 13:46:28,855 - INFO - Successfully fetched https://books.toscrape.com/catalogue/page-25.html - Status: 200
2026-10-06 13:46:29,373 - INFO - Requesting page: https://books.toscrape.com/catalogue/page-26.html
2026-10-06 13:46:30,185 - INFO - Successfully fetched https://books.toscrape.com/catalogue/page-26.html - Status: 200
2026-10-06 13:46:30,716 - INFO - Requesting page: https://books.toscrape.com/catalogue/page-27.html
2026-10-06 13:46:31,366 - INFO - Successfully fetched https://books.toscrape.com/catalogue/page-27.html - Status: 200
2026-10-06 13:46:31,895 - INFO - Requesting page: https://books.toscrape.com/catalogue/page-28.html
2026-10-06 13:46:32,952 - INFO - Successfully fetched https://books.toscrape.com/catalogue/page-28.html - Status: 200
2026-10-06 13:46:33,484 - INFO - Requesting page: https://books.toscrape.com/catalogue/page-29.html
2026-10-06 13:46:34,087 - INFO - Successfully fetched https://books.toscrape.com/catalogue/page-29.html - Status: 200
2026-10-06 13:46:34,616 - INFO - Requesting page: https://books.toscrape.com/catalogue/page-30.html
2026-10-06 13:46:35,518 - INFO - Successfully fetched https://books.toscrape.com/catalogue/page-30.html - Status: 200
2026-10-06 13:46:36,036 - INFO - Requesting page: https://books.toscrape.com/catalogue/page-31.html
2026-10-06 13:46:37,369 - INFO - Successfully fetched https://books.toscrape.com/catalogue/page-31.html - Status: 200
2026-10-06 13:46:37,897 - INFO - Requesting page: https://books.toscrape.com/catalogue/page-32.html
2026-10-06 13:46:39,460 - INFO - Successfully fetched https://books.toscrape.com/catalogue/page-32.html - Status: 200
2026-10-06 13:46:39,988 - INFO - Requesting page: https://books.toscrape.com/catalogue/page-33.html
2026-10-06 13:46:41,449 - INFO - Successfully fetched https://books.toscrape.com/catalogue/page-33.html - Status: 200
2026-10-06 13:46:41,981 - INFO - Requesting page: https://books.toscrape.com/catalogue/page-34.html
2026-10-06 13:46:42,861 - INFO - Successfully fetched https://books.toscrape.com/catalogue/page-34.html - Status: 200
2026-10-06 13:46:43,387 - INFO - Requesting page: https://books.toscrape.com/catalogue/page-35.html
2026-10-06 13:46:44,319 - INFO - Successfully fetched https://books.toscrape.com/catalogue/page-35.html - Status: 200
2026-10-06 13:46:44,848 - INFO - Requesting page: https://books.toscrape.com/catalogue/page-36.html
2026-10-06 13:46:45,752 - INFO - Successfully fetched https://books.toscrape.com/catalogue/page-36.html - Status: 200
2026-10-06 13:46:46,280 - INFO - Requesting page: https://books.toscrape.com/catalogue/page-37.html
2026-10-06 13:46:47,278 - INFO - Successfully fetched https://books.toscrape.com/catalogue/page-37.html - Status: 200
2026-10-06 13:46:47,807 - INFO - Requesting page: https://books.toscrape.com/catalogue/page-38.html
2026-10-06 13:46:48,781 - INFO - Successfully fetched https://books.toscrape.com/catalogue/page-38.html - Status: 200
2026-10-06 13:46:49,309 - INFO - Requesting page: https://books.toscrape.com/catalogue/page-39.html
2026-10-06 13:46:50,312 - INFO - Successfully fetched https://books.toscrape.com/catalogue/page-39.html - Status: 200
2026-10-06 13:46:50,838 - INFO - Requesting page: https://books.toscrape.com/catalogue/page-40.html
2026-10-06 13:46:51,822 - INFO - Successfully fetched https://books.toscrape.com/catalogue/page-40.html - Status: 200
2026-10-06 13:46:52,350 - INFO - Requesting page: https://books.toscrape.com/catalogue/page-41.html
2026-10-06 13:46:53,358 - INFO - Successfully fetched https://books.toscrape.com/catalogue/page-41.html - Status: 200
2026-10-06 13:46:53,896 - INFO - Requesting page: https://books.toscrape.com/catalogue/page-42.html
2026-10-06 13:46:55,037 - INFO - Successfully fetched https://books.toscrape.com/catalogue/page-42.html - Status: 200
2026-10-06 13:46:55,565 - INFO - Requesting page: https://books.toscrape.com/catalogue/page-43.html
2026-10-06 13:46:57,309 - INFO - Successfully fetched https://books.toscrape.com/catalogue/page-43.html - Status: 200
2026-10-06 13:46:57,837 - INFO - Requesting page: https://books.toscrape.com/catalogue/page-44.html
2026-10-06 13:46:59,068 - INFO - Successfully fetched https://books.toscrape.com/catalogue/page-44.html - Status: 200
2026-10-06 13:46:59,596 - INFO - Requesting page: https://books.toscrape.com/catalogue/page-45.html
2026-10-06 13:47:01,111 - INFO - Successfully fetched https://books.toscrape.com/catalogue/page-45.html - Status: 200
2026-10-06 13:47:01,639 - INFO - Requesting page: https://books.toscrape.com/catalogue/page-46.html
2026-10-06 13:47:02,652 - INFO - Successfully fetched https://books.toscrape.com/catalogue/page-46.html - Status: 200
2026-10-06 13:47:03,175 - INFO - Requesting page: https://books.toscrape.com/catalogue/page-47.html
2026-10-06 13:47:04,215 - INFO - Successfully fetched https://books.toscrape.com/catalogue/page-47.html - Status: 200
2026-10-06 13:47:04,729 - INFO - Requesting page: https://books.toscrape.com/catalogue/page-48.html
2026-10-06 13:47:05,829 - INFO - Successfully fetched https://books.toscrape.com/catalogue/page-48.html - Status: 200
2026-10-06 13:47:06,344 - INFO - Requesting page: https://books.toscrape.com/catalogue/page-49.html
2026-10-06 13:47:07,686 - INFO - Successfully fetched https://books.toscrape.com/catalogue/page-49.html - Status: 200
2026-10-06 13:47:08,220 - INFO - Requesting page: https://books.toscrape.com/catalogue/page-50.html
2026-10-06 13:47:09,335 - INFO - Successfully fetched https://books.toscrape.com/catalogue/page-50.html - Status: 200
2026-10-06 13:47:09,862 - INFO - Requesting page: https://quotes.toscrape.com/
2026-10-06 13:47:11,459 - INFO - Successfully fetched https://quotes.toscrape.com/ - Status: 200
2026-10-06 13:47:11,971 - INFO - Requesting page: https://quotes.toscrape.com//page/2/
2026-10-06 13:47:12,681 - INFO - Successfully fetched https://quotes.toscrape.com//page/2/ - Status: 200
2026-10-06 13:47:13,194 - INFO - Requesting page: https://quotes.toscrape.com//page/2//page/3/
2026-10-06 13:47:13,503 - ERROR - Failed to fetch https://quotes.toscrape.com//page/2//page/3/: 404 Client Error: NOT FOUND for url: https://quotes.toscrape.com//page/2//page/3/
2026-10-06 13:47:13,503 - INFO - Books scraped: 1000
2026-10-06 13:47:13,504 - INFO - Quotes scraped: 20
2026-10-06 13:47:13,553 - INFO - Final CSV saved: C:\Users\User\OneDrive\\u30c9\u30ad\u30e5\u30e1\u30f3\u30c8\scraping_assignment\output\final_dataset.csv
2026-10-06 13:47:13,555 - INFO - Summary report saved: C:\Users\User\OneDrive\\u30c9\u30ad\u30e5\u30e1\u30f3\u30c8\scraping_assignment\output\summary_report.json
2026-10-06 13:47:13,555 - INFO - ========== SCRAPING COMPLETED ==========
2026-10-06 13:53:34,676 - INFO - ========== SCRAPING STARTED ==========
2026-10-06 13:53:34,676 - INFO - Starting scraping process
2026-10-06 13:53:34,677 - INFO - Requesting page: https://books.toscrape.com/
2026-10-06 13:53:36,501 - INFO - Successfully fetched https://books.toscrape.com/ - Status: 200
2026-10-06 13:53:37,035 - INFO - Requesting page: https://books.toscrape.com/catalogue/page-2.html
2026-10-06 13:53:37,720 - INFO - Successfully fetched https://books.toscrape.com/catalogue/page-2.html - Status: 200
2026-10-06 13:53:38,249 - INFO - Requesting page: https://books.toscrape.com/catalogue/page-3.html
2026-10-06 13:53:39,036 - INFO - Successfully fetched https://books.toscrape.com/catalogue/page-3.html - Status: 200
2026-10-06 13:53:39,565 - INFO - Requesting page: https://books.toscrape.com/catalogue/page-4.html
2026-10-06 13:53:40,238 - INFO - Successfully fetched https://books.toscrape.com/catalogue/page-4.html - Status: 200
2026-10-06 13:53:40,773 - INFO - Requesting page: https://books.toscrape.com/catalogue/page-5.html
2026-10-06 13:53:41,363 - INFO - Successfully fetched https://books.toscrape.com/catalogue/page-5.html - Status: 200
2026-10-06 13:53:41,893 - INFO - Requesting page: https://books.toscrape.com/catalogue/page-6.html
2026-10-06 13:53:42,527 - INFO - Successfully fetched https://books.toscrape.com/catalogue/page-6.html - Status: 200
2026-10-06 13:53:43,059 - INFO - Requesting page: https://books.toscrape.com/catalogue/page-7.html
2026-10-06 13:53:43,748 - INFO - Successfully fetched https://books.toscrape.com/catalogue/page-7.html - Status: 200
2026-10-06 13:53:44,274 - INFO - Requesting page: https://books.toscrape.com/catalogue/page-8.html
2026-10-06 13:53:44,875 - INFO - Successfully fetched https://books.toscrape.com/catalogue/page-8.html - Status: 200
2026-10-06 13:53:45,407 - INFO - Requesting page: https://books.toscrape.com/catalogue/page-9.html
2026-10-06 13:53:45,994 - INFO - Successfully fetched https://books.toscrape.com/catalogue/page-9.html - Status: 200
2026-10-06 13:53:46,516 - INFO - Requesting page: https://books.toscrape.com/catalogue/page-10.html
2026-10-06 13:53:47,235 - INFO - Successfully fetched https://books.toscrape.com/catalogue/page-10.html - Status: 200
2026-10-06 13:53:47,767 - INFO - Requesting page: https://books.toscrape.com/catalogue/page-11.html
2026-10-06 13:53:48,364 - INFO - Successfully fetched https://books.toscrape.com/catalogue/page-11.html - Status: 200
2026-10-06 13:53:48,889 - INFO - Requesting page: https://books.toscrape.com/catalogue/page-12.html
2026-10-06 13:53:49,764 - INFO - Successfully fetched https://books.toscrape.com/catalogue/page-12.html - Status: 200
2026-10-06 13:53:50,294 - INFO - Requesting page: https://books.toscrape.com/catalogue/page-13.html
2026-10-06 13:53:50,945 - INFO - Successfully fetched https://books.toscrape.com/catalogue/page-13.html - Status: 200
2026-10-06 13:53:51,459 - INFO - Requesting page: https://books.toscrape.com/catalogue/page-14.html
2026-10-06 13:53:52,141 - INFO - Successfully fetched https://books.toscrape.com/catalogue/page-14.html - Status: 200
2026-10-06 13:53:52,675 - INFO - Requesting page: https://books.toscrape.com/catalogue/page-15.html
2026-10-06 13:53:53,306 - INFO - Successfully fetched https://books.toscrape.com/catalogue/page-15.html - Status: 200
2026-10-06 13:53:53,835 - INFO - Requesting page: https://books.toscrape.com/catalogue/page-16.html
2026-10-06 13:53:54,494 - INFO - Successfully fetched https://books.toscrape.com/catalogue/page-16.html - Status: 200
2026-10-06 13:53:55,028 - INFO - Requesting page: https://books.toscrape.com/catalogue/page-17.html
2026-10-06 13:53:55,639 - INFO - Successfully fetched https://books.toscrape.com/catalogue/page-17.html - Status: 200
2026-10-06 13:53:56,169 - INFO - Requesting page: https://books.toscrape.com/catalogue/page-18.html
2026-10-06 13:53:56,827 - INFO - Successfully fetched https://books.toscrape.com/catalogue/page-18.html - Status: 200
2026-10-06 13:53:57,356 - INFO - Requesting page: https://books.toscrape.com/catalogue/page-19.html
2026-10-06 13:53:58,270 - INFO - Successfully fetched https://books.toscrape.com/catalogue/page-19.html - Status: 200
2026-10-06 13:53:58,801 - INFO - Requesting page: https://books.toscrape.com/catalogue/page-20.html
2026-10-06 13:53:59,141 - INFO - Successfully fetched https://books.toscrape.com/catalogue/page-20.html - Status: 200
2026-10-06 13:53:59,661 - INFO - Requesting page: https://books.toscrape.com/catalogue/page-21.html
2026-10-06 13:54:00,547 - INFO - Successfully fetched https://books.toscrape.com/catalogue/page-21.html - Status: 200
2026-10-06 13:54:01,076 - INFO - Requesting page: https://books.toscrape.com/catalogue/page-22.html
2026-10-06 13:54:01,786 - INFO - Successfully fetched https://books.toscrape.com/catalogue/page-22.html - Status: 200
2026-10-06 13:54:02,316 - INFO - Requesting page: https://books.toscrape.com/catalogue/page-23.html
2026-10-06 13:54:03,250 - INFO - Successfully fetched https://books.toscrape.com/catalogue/page-23.html - Status: 200
2026-10-06 13:54:03,779 - INFO - Requesting page: https://books.toscrape.com/catalogue/page-24.html
2026-10-06 13:54:04,436 - INFO - Successfully fetched https://books.toscrape.com/catalogue/page-24.html - Status: 200
2026-10-06 13:54:04,968 - INFO - Requesting page: https://books.toscrape.com/catalogue/page-25.html
2026-10-06 13:54:05,566 - INFO - Successfully fetched https://books.toscrape.com/catalogue/page-25.html - Status: 200
2026-10-06 13:54:06,104 - INFO - Requesting page: https://books.toscrape.com/catalogue/page-26.html
2026-10-06 13:54:06,798 - INFO - Successfully fetched https://books.toscrape.com/catalogue/page-26.html - Status: 200
2026-10-06 13:54:07,325 - INFO - Requesting page: https://books.toscrape.com/catalogue/page-27.html
2026-10-06 13:54:08,123 - INFO - Successfully fetched https://books.toscrape.com/catalogue/page-27.html - Status: 200
2026-10-06 13:54:08,650 - INFO - Requesting page: https://books.toscrape.com/catalogue/page-28.html
2026-10-06 13:54:09,257 - INFO - Successfully fetched https://books.toscrape.com/catalogue/page-28.html - Status: 200
2026-10-06 13:54:09,790 - INFO - Requesting page: https://books.toscrape.com/catalogue/page-29.html
2026-10-06 13:54:10,408 - INFO - Successfully fetched https://books.toscrape.com/catalogue/page-29.html - Status: 200
2026-10-06 13:54:10,935 - INFO - Requesting page: https://books.toscrape.com/catalogue/page-30.html
2026-10-06 13:54:11,612 - INFO - Successfully fetched https://books.toscrape.com/catalogue/page-30.html - Status: 200
2026-10-06 13:54:12,147 - INFO - Requesting page: https://books.toscrape.com/catalogue/page-31.html
2026-10-06 13:54:12,740 - INFO - Successfully fetched https://books.toscrape.com/catalogue/page-31.html - Status: 200
2026-10-06 13:54:13,254 - INFO - Requesting page: https://books.toscrape.com/catalogue/page-32.html
2026-10-06 13:54:14,182 - INFO - Successfully fetched https://books.toscrape.com/catalogue/page-32.html - Status: 200
2026-10-06 13:54:14,706 - INFO - Requesting page: https://books.toscrape.com/catalogue/page-33.html
2026-10-06 13:54:15,605 - INFO - Successfully fetched https://books.toscrape.com/catalogue/page-33.html - Status: 200
2026-10-06 13:54:16,140 - INFO - Requesting page: https://books.toscrape.com/catalogue/page-34.html
2026-10-06 13:54:17,159 - INFO - Successfully fetched https://books.toscrape.com/catalogue/page-34.html - Status: 200
2026-10-06 13:54:17,684 - INFO - Requesting page: https://books.toscrape.com/catalogue/page-35.html
2026-10-06 13:54:18,279 - INFO - Successfully fetched https://books.toscrape.com/catalogue/page-35.html - Status: 200
2026-10-06 13:54:18,807 - INFO - Requesting page: https://books.toscrape.com/catalogue/page-36.html
2026-10-06 13:54:19,472 - INFO - Successfully fetched https://books.toscrape.com/catalogue/page-36.html - Status: 200
2026-10-06 13:54:20,000 - INFO - Requesting page: https://books.toscrape.com/catalogue/page-37.html
2026-10-06 13:54:21,247 - INFO - Successfully fetched https://books.toscrape.com/catalogue/page-37.html - Status: 200
2026-10-06 13:54:21,772 - INFO - Requesting page: https://books.toscrape.com/catalogue/page-38.html
2026-10-06 13:54:23,092 - INFO - Successfully fetched https://books.toscrape.com/catalogue/page-38.html - Status: 200
2026-10-06 13:54:23,623 - INFO - Requesting page: https://books.toscrape.com/catalogue/page-39.html
2026-10-06 13:54:25,100 - INFO - Successfully fetched https://books.toscrape.com/catalogue/page-39.html - Status: 200
2026-10-06 13:54:25,630 - INFO - Requesting page: https://books.toscrape.com/catalogue/page-40.html
2026-10-06 13:54:26,557 - INFO - Successfully fetched https://books.toscrape.com/catalogue/page-40.html - Status: 200
2026-10-06 13:54:27,092 - INFO - Requesting page: https://books.toscrape.com/catalogue/page-41.html
2026-10-06 13:54:27,709 - INFO - Successfully fetched https://books.toscrape.com/catalogue/page-41.html - Status: 200
2026-10-06 13:54:28,238 - INFO - Requesting page: https://books.toscrape.com/catalogue/page-42.html
2026-10-06 13:54:29,319 - INFO - Successfully fetched https://books.toscrape.com/catalogue/page-42.html - Status: 200
2026-10-06 13:54:29,846 - INFO - Requesting page: https://books.toscrape.com/catalogue/page-43.html
2026-10-06 13:54:31,266 - INFO - Successfully fetched https://books.toscrape.com/catalogue/page-43.html - Status: 200
2026-10-06 13:54:31,779 - INFO - Requesting page: https://books.toscrape.com/catalogue/page-44.html
2026-10-06 13:54:33,688 - INFO - Successfully fetched https://books.toscrape.com/catalogue/page-44.html - Status: 200
2026-10-06 13:54:34,215 - INFO - Requesting page: https://books.toscrape.com/catalogue/page-45.html
2026-10-06 13:54:35,958 - INFO - Successfully fetched https://books.toscrape.com/catalogue/page-45.html - Status: 200
2026-10-06 13:54:36,470 - INFO - Requesting page: https://books.toscrape.com/catalogue/page-46.html
2026-10-06 13:54:37,695 - INFO - Successfully fetched https://books.toscrape.com/catalogue/page-46.html - Status: 200
2026-10-06 13:54:38,219 - INFO - Requesting page: https://books.toscrape.com/catalogue/page-47.html
2026-10-06 13:54:39,512 - INFO - Successfully fetched https://books.toscrape.com/catalogue/page-47.html - Status: 200
2026-10-06 13:54:40,029 - INFO - Requesting page: https://books.toscrape.com/catalogue/page-48.html
2026-10-06 13:54:41,300 - INFO - Successfully fetched https://books.toscrape.com/catalogue/page-48.html - Status: 200
2026-10-06 13:54:41,830 - INFO - Requesting page: https://books.toscrape.com/catalogue/page-49.html
2026-10-06 13:54:44,370 - INFO - Successfully fetched https://books.toscrape.com/catalogue/page-49.html - Status: 200
2026-10-06 13:54:44,900 - INFO - Requesting page: https://books.toscrape.com/catalogue/page-50.html
2026-10-06 13:54:46,789 - INFO - Successfully fetched https://books.toscrape.com/catalogue/page-50.html - Status: 200
2026-10-06 13:54:47,321 - INFO - Requesting page: https://quotes.toscrape.com/
2026-10-06 13:54:48,668 - INFO - Successfully fetched https://quotes.toscrape.com/ - Status: 200
2026-10-06 13:54:49,179 - INFO - Requesting page: https://quotes.toscrape.com//page/2/
2026-10-06 13:54:49,900 - INFO - Successfully fetched https://quotes.toscrape.com//page/2/ - Status: 200
2026-10-06 13:54:50,418 - INFO - Requesting page: https://quotes.toscrape.com//page/2//page/3/
2026-10-06 13:54:50,825 - ERROR - Failed to fetch https://quotes.toscrape.com//page/2//page/3/: 404 Client Error: NOT FOUND for url: https://quotes.toscrape.com//page/2//page/3/
2026-10-06 13:54:50,825 - INFO - Books scraped: 1000
2026-10-06 13:54:50,825 - INFO - Quotes scraped: 20
2026-10-06 13:54:50,889 - INFO - Final CSV saved: C:\Users\User\OneDrive\\u30c9\u30ad\u30e5\u30e1\u30f3\u30c8\scraping_assignment\output\final_dataset.csv
2026-10-06 13:54:50,890 - INFO - Summary report saved: C:\Users\User\OneDrive\\u30c9\u30ad\u30e5\u30e1\u30f3\u30c8\scraping_assignment\output\summary_report.json
2026-10-06 13:54:50,890 - INFO - ========== SCRAPING COMPLETED ==========
2026-10-06 13:55:29,514 - INFO - ========== SCRAPING STARTED ==========
2026-10-06 13:55:29,515 - INFO - Starting scraping process
2026-10-06 13:55:29,516 - INFO - Requesting page: https://books.toscrape.com/
2026-10-06 13:55:31,577 - INFO - Successfully fetched https://books.toscrape.com/ - Status: 200
2026-10-06 13:55:32,113 - INFO - Requesting page: https://books.toscrape.com/catalogue/page-2.html
2026-10-06 13:55:33,025 - INFO - Successfully fetched https://books.toscrape.com/catalogue/page-2.html - Status: 200
2026-10-06 13:55:33,553 - INFO - Requesting page: https://books.toscrape.com/catalogue/page-3.html
2026-10-06 13:55:34,164 - INFO - Successfully fetched https://books.toscrape.com/catalogue/page-3.html - Status: 200
2026-10-06 13:55:34,690 - INFO - Requesting page: https://books.toscrape.com/catalogue/page-4.html
2026-10-06 13:55:35,469 - INFO - Successfully fetched https://books.toscrape.com/catalogue/page-4.html - Status: 200
2026-10-06 13:55:35,996 - INFO - Requesting page: https://books.toscrape.com/catalogue/page-5.html
2026-10-06 13:55:36,801 - INFO - Successfully fetched https://books.toscrape.com/catalogue/page-5.html - Status: 200
2026-10-06 13:55:37,330 - INFO - Requesting page: https://books.toscrape.com/catalogue/page-6.html
2026-10-06 13:55:38,650 - INFO - Successfully fetched https://books.toscrape.com/catalogue/page-6.html - Status: 200
2026-10-06 13:55:39,185 - INFO - Requesting page: https://books.toscrape.com/catalogue/page-7.html
2026-10-06 13:55:40,179 - INFO - Successfully fetched https://books.toscrape.com/catalogue/page-7.html - Status: 200
2026-10-06 13:55:40,714 - INFO - Requesting page: https://books.toscrape.com/catalogue/page-8.html
2026-10-06 13:55:42,123 - INFO - Successfully fetched https://books.toscrape.com/catalogue/page-8.html - Status: 200
2026-10-06 13:55:42,658 - INFO - Requesting page: https://books.toscrape.com/catalogue/page-9.html
2026-10-06 13:55:44,048 - INFO - Successfully fetched https://books.toscrape.com/catalogue/page-9.html - Status: 200
2026-10-06 13:55:44,575 - INFO - Requesting page: https://books.toscrape.com/catalogue/page-10.html
2026-10-06 13:55:46,117 - INFO - Successfully fetched https://books.toscrape.com/catalogue/page-10.html - Status: 200
2026-10-06 13:55:46,646 - INFO - Requesting page: https://books.toscrape.com/catalogue/page-11.html
2026-10-06 13:55:47,858 - INFO - Successfully fetched https://books.toscrape.com/catalogue/page-11.html - Status: 200
2026-10-06 13:55:48,388 - INFO - Requesting page: https://books.toscrape.com/catalogue/page-12.html
2026-10-06 13:55:49,625 - INFO - Successfully fetched https://books.toscrape.com/catalogue/page-12.html - Status: 200
2026-10-06 13:55:50,144 - INFO - Requesting page: https://books.toscrape.com/catalogue/page-13.html
2026-10-06 13:55:51,145 - INFO - Successfully fetched https://books.toscrape.com/catalogue/page-13.html - Status: 200
2026-10-06 13:55:51,677 - INFO - Requesting page: https://books.toscrape.com/catalogue/page-14.html
2026-10-06 13:55:52,991 - INFO - Successfully fetched https://books.toscrape.com/catalogue/page-14.html - Status: 200
2026-10-06 13:55:53,521 - INFO - Requesting page: https://books.toscrape.com/catalogue/page-15.html
2026-10-06 13:55:54,926 - INFO - Successfully fetched https://books.toscrape.com/catalogue/page-15.html - Status: 200
2026-10-06 13:55:55,456 - INFO - Requesting page: https://books.toscrape.com/catalogue/page-16.html
2026-10-06 13:55:56,455 - INFO - Successfully fetched https://books.toscrape.com/catalogue/page-16.html - Status: 200
2026-10-06 13:55:56,985 - INFO - Requesting page: https://books.toscrape.com/catalogue/page-17.html
2026-10-06 13:55:58,011 - INFO - Successfully fetched https://books.toscrape.com/catalogue/page-17.html - Status: 200
2026-10-06 13:55:58,538 - INFO - Requesting page: https://books.toscrape.com/catalogue/page-18.html
2026-10-06 13:55:59,761 - INFO - Successfully fetched https://books.toscrape.com/catalogue/page-18.html - Status: 200
2026-10-06 13:56:00,287 - INFO - Requesting page: https://books.toscrape.com/catalogue/page-19.html
2026-10-06 13:56:01,682 - INFO - Successfully fetched https://books.toscrape.com/catalogue/page-19.html - Status: 200
2026-10-06 13:56:02,215 - INFO - Requesting page: https://books.toscrape.com/catalogue/page-20.html
2026-10-06 13:56:03,834 - INFO - Successfully fetched https://books.toscrape.com/catalogue/page-20.html - Status: 200
2026-10-06 13:56:04,361 - INFO - Requesting page: https://books.toscrape.com/catalogue/page-21.html
2026-10-06 13:56:05,725 - INFO - Successfully fetched https://books.toscrape.com/catalogue/page-21.html - Status: 200
2026-10-06 13:56:06,255 - INFO - Requesting page: https://books.toscrape.com/catalogue/page-22.html
2026-10-06 13:56:07,828 - INFO - Successfully fetched https://books.toscrape.com/catalogue/page-22.html - Status: 200
2026-10-06 13:56:08,351 - INFO - Requesting page: https://books.toscrape.com/catalogue/page-23.html
2026-10-06 13:56:09,881 - INFO - Successfully fetched https://books.toscrape.com/catalogue/page-23.html - Status: 200
2026-10-06 13:56:10,405 - INFO - Requesting page: https://books.toscrape.com/catalogue/page-24.html
2026-10-06 13:56:11,820 - INFO - Successfully fetched https://books.toscrape.com/catalogue/page-24.html - Status: 200
2026-10-06 13:56:12,355 - INFO - Requesting page: https://books.toscrape.com/catalogue/page-25.html
2026-10-06 13:56:13,765 - INFO - Successfully fetched https://books.toscrape.com/catalogue/page-25.html - Status: 200
2026-10-06 13:56:14,293 - INFO - Requesting page: https://books.toscrape.com/catalogue/page-26.html
2026-10-06 13:56:15,608 - INFO - Successfully fetched https://books.toscrape.com/catalogue/page-26.html - Status: 200
2026-10-06 13:56:16,146 - INFO - Requesting page: https://books.toscrape.com/catalogue/page-27.html
2026-10-06 13:56:17,461 - INFO - Successfully fetched https://books.toscrape.com/catalogue/page-27.html - Status: 200
2026-10-06 13:56:17,988 - INFO - Requesting page: https://books.toscrape.com/catalogue/page-28.html
2026-10-06 13:56:18,873 - INFO - Successfully fetched https://books.toscrape.com/catalogue/page-28.html - Status: 200
2026-10-06 13:56:19,403 - INFO - Requesting page: https://books.toscrape.com/catalogue/page-29.html
2026-10-06 13:56:20,191 - INFO - Successfully fetched https://books.toscrape.com/catalogue/page-29.html - Status: 200
2026-10-06 13:56:20,720 - INFO - Requesting page: https://books.toscrape.com/catalogue/page-30.html
2026-10-06 13:56:21,662 - INFO - Successfully fetched https://books.toscrape.com/catalogue/page-30.html - Status: 200
2026-10-06 13:56:22,181 - INFO - Requesting page: https://books.toscrape.com/catalogue/page-31.html
2026-10-06 13:56:22,884 - INFO - Successfully fetched https://books.toscrape.com/catalogue/page-31.html - Status: 200
2026-10-06 13:56:23,411 - INFO - Requesting page: https://books.toscrape.com/catalogue/page-32.html
2026-10-06 13:56:24,223 - INFO - Successfully fetched https://books.toscrape.com/catalogue/page-32.html - Status: 200
2026-10-06 13:56:24,750 - INFO - Requesting page: https://books.toscrape.com/catalogue/page-33.html
2026-10-06 13:56:25,390 - INFO - Successfully fetched https://books.toscrape.com/catalogue/page-33.html - Status: 200
2026-10-06 13:56:25,927 - INFO - Requesting page: https://books.toscrape.com/catalogue/page-34.html
2026-10-06 13:56:26,568 - INFO - Successfully fetched https://books.toscrape.com/catalogue/page-34.html - Status: 200
2026-10-06 13:56:27,096 - INFO - Requesting page: https://books.toscrape.com/catalogue/page-35.html
2026-10-06 13:56:27,709 - INFO - Successfully fetched https://books.toscrape.com/catalogue/page-35.html - Status: 200
2026-10-06 13:56:28,237 - INFO - Requesting page: https://books.toscrape.com/catalogue/page-36.html
2026-10-06 13:56:28,837 - INFO - Successfully fetched https://books.toscrape.com/catalogue/page-36.html - Status: 200
2026-10-06 13:56:29,368 - INFO - Requesting page: https://books.toscrape.com/catalogue/page-37.html
2026-10-06 13:56:29,947 - INFO - Successfully fetched https://books.toscrape.com/catalogue/page-37.html - Status: 200
2026-10-06 13:56:30,480 - INFO - Requesting page: https://books.toscrape.com/catalogue/page-38.html
2026-10-06 13:56:31,103 - INFO - Successfully fetched https://books.toscrape.com/catalogue/page-38.html - Status: 200
2026-10-06 13:56:31,618 - INFO - Requesting page: https://books.toscrape.com/catalogue/page-39.html
2026-10-06 13:56:32,301 - INFO - Successfully fetched https://books.toscrape.com/catalogue/page-39.html - Status: 200
2026-10-06 13:56:32,830 - INFO - Requesting page: https://books.toscrape.com/catalogue/page-40.html
2026-10-06 13:56:33,467 - INFO - Successfully fetched https://books.toscrape.com/catalogue/page-40.html - Status: 200
2026-10-06 13:56:33,994 - INFO - Requesting page: https://books.toscrape.com/catalogue/page-41.html
2026-10-06 13:56:34,814 - INFO - Successfully fetched https://books.toscrape.com/catalogue/page-41.html - Status: 200
2026-10-06 13:56:35,349 - INFO - Requesting page: https://books.toscrape.com/catalogue/page-42.html
2026-10-06 13:56:36,293 - INFO - Successfully fetched https://books.toscrape.com/catalogue/page-42.html - Status: 200
2026-10-06 13:56:36,819 - INFO - Requesting page: https://books.toscrape.com/catalogue/page-43.html
2026-10-06 13:56:37,690 - INFO - Successfully fetched https://books.toscrape.com/catalogue/page-43.html - Status: 200
2026-10-06 13:56:38,220 - INFO - Requesting page: https://books.toscrape.com/catalogue/page-44.html
2026-10-06 13:56:39,469 - INFO - Successfully fetched https://books.toscrape.com/catalogue/page-44.html - Status: 200
2026-10-06 13:56:39,996 - INFO - Requesting page: https://books.toscrape.com/catalogue/page-45.html
2026-10-06 13:56:41,516 - INFO - Successfully fetched https://books.toscrape.com/catalogue/page-45.html - Status: 200
2026-10-06 13:56:42,042 - INFO - Requesting page: https://books.toscrape.com/catalogue/page-46.html
2026-10-06 13:56:42,952 - INFO - Successfully fetched https://books.toscrape.com/catalogue/page-46.html - Status: 200
2026-10-06 13:56:43,476 - INFO - Requesting page: https://books.toscrape.com/catalogue/page-47.html
2026-10-06 13:56:44,077 - INFO - Successfully fetched https://books.toscrape.com/catalogue/page-47.html - Status: 200
2026-10-06 13:56:44,609 - INFO - Requesting page: https://books.toscrape.com/catalogue/page-48.html
2026-10-06 13:56:45,305 - INFO - Successfully fetched https://books.toscrape.com/catalogue/page-48.html - Status: 200
2026-10-06 13:56:45,838 - INFO - Requesting page: https://books.toscrape.com/catalogue/page-49.html
2026-10-06 13:56:47,128 - INFO - Successfully fetched https://books.toscrape.com/catalogue/page-49.html - Status: 200
2026-10-06 13:56:47,661 - INFO - Requesting page: https://books.toscrape.com/catalogue/page-50.html
2026-10-06 13:56:48,682 - INFO - Successfully fetched https://books.toscrape.com/catalogue/page-50.html - Status: 200
2026-10-06 13:56:49,211 - INFO - Requesting page: https://quotes.toscrape.com/
2026-10-06 13:56:50,590 - INFO - Successfully fetched https://quotes.toscrape.com/ - Status: 200
2026-10-06 13:56:51,105 - INFO - Requesting page: https://quotes.toscrape.com//page/2/
2026-10-06 13:56:51,447 - INFO - Successfully fetched https://quotes.toscrape.com//page/2/ - Status: 200
2026-10-06 13:56:51,958 - INFO - Requesting page: https://quotes.toscrape.com//page/2//page/3/
2026-10-06 13:56:52,255 - ERROR - Failed to fetch https://quotes.toscrape.com//page/2//page/3/: 404 Client Error: NOT FOUND for url: https://quotes.toscrape.com//page/2//page/3/
2026-10-06 13:56:52,256 - INFO - Books scraped: 1000
2026-10-06 13:56:52,256 - INFO - Quotes scraped: 20
2026-10-06 13:56:52,317 - INFO - Final CSV saved: C:\Users\User\OneDrive\\u30c9\u30ad\u30e5\u30e1\u30f3\u30c8\scraping_assignment\output\final_dataset.csv
2026-10-06 13:56:52,318 - INFO - Summary report saved: C:\Users\User\OneDrive\\u30c9\u30ad\u30e5\u30e1\u30f3\u30c8\scraping_assignment\output\summary_report.json
2026-10-06 13:56:52,318 - INFO - ========== SCRAPING COMPLETED ==========
2026-10-06 14:00:07,314 - INFO - ========== SCRAPING STARTED ==========
2026-10-06 14:00:07,314 - INFO - Starting scraping process
2026-10-06 14:00:07,315 - INFO - Requesting page: https://books.toscrape.com/
2026-10-06 14:00:09,287 - INFO - Successfully fetched https://books.toscrape.com/ - Status: 200
2026-10-06 14:00:09,841 - INFO - Requesting page: https://books.toscrape.com/catalogue/page-2.html
2026-10-06 14:00:10,422 - INFO - Successfully fetched https://books.toscrape.com/catalogue/page-2.html - Status: 200
2026-10-06 14:00:10,949 - INFO - Requesting page: https://books.toscrape.com/catalogue/page-3.html
2026-10-06 14:00:12,133 - INFO - Successfully fetched https://books.toscrape.com/catalogue/page-3.html - Status: 200
2026-10-06 14:00:12,660 - INFO - Requesting page: https://books.toscrape.com/catalogue/page-4.html
2026-10-06 14:00:13,204 - INFO - Successfully fetched https://books.toscrape.com/catalogue/page-4.html - Status: 200
2026-10-06 14:00:13,731 - INFO - Requesting page: https://books.toscrape.com/catalogue/page-5.html
2026-10-06 14:00:14,043 - INFO - Successfully fetched https://books.toscrape.com/catalogue/page-5.html - Status: 200
2026-10-06 14:00:14,575 - INFO - Requesting page: https://books.toscrape.com/catalogue/page-6.html
2026-10-06 14:00:15,043 - INFO - Successfully fetched https://books.toscrape.com/catalogue/page-6.html - Status: 200
2026-10-06 14:00:15,579 - INFO - Requesting page: https://books.toscrape.com/catalogue/page-7.html
2026-10-06 14:00:15,892 - INFO - Successfully fetched https://books.toscrape.com/catalogue/page-7.html - Status: 200
2026-10-06 14:00:16,418 - INFO - Requesting page: https://books.toscrape.com/catalogue/page-8.html
2026-10-06 14:00:16,718 - INFO - Successfully fetched https://books.toscrape.com/catalogue/page-8.html - Status: 200
2026-10-06 14:00:17,257 - INFO - Requesting page: https://books.toscrape.com/catalogue/page-9.html
2026-10-06 14:00:17,884 - INFO - Successfully fetched https://books.toscrape.com/catalogue/page-9.html - Status: 200
2026-10-06 14:00:18,422 - INFO - Requesting page: https://books.toscrape.com/catalogue/page-10.html
2026-10-06 14:00:19,093 - INFO - Successfully fetched https://books.toscrape.com/catalogue/page-10.html - Status: 200
2026-10-06 14:00:19,627 - INFO - Requesting page: https://books.toscrape.com/catalogue/page-11.html
2026-10-06 14:00:20,509 - INFO - Successfully fetched https://books.toscrape.com/catalogue/page-11.html - Status: 200
2026-10-06 14:00:21,035 - INFO - Requesting page: https://books.toscrape.com/catalogue/page-12.html
2026-10-06 14:00:21,648 - INFO - Successfully fetched https://books.toscrape.com/catalogue/page-12.html - Status: 200
2026-10-06 14:00:22,183 - INFO - Requesting page: https://books.toscrape.com/catalogue/page-13.html
2026-10-06 14:00:22,906 - INFO - Successfully fetched https://books.toscrape.com/catalogue/page-13.html - Status: 200
2026-10-06 14:00:23,432 - INFO - Requesting page: https://books.toscrape.com/catalogue/page-14.html
2026-10-06 14:00:24,173 - INFO - Successfully fetched https://books.toscrape.com/catalogue/page-14.html - Status: 200
2026-10-06 14:00:24,708 - INFO - Requesting page: https://books.toscrape.com/catalogue/page-15.html
2026-10-06 14:00:25,340 - INFO - Successfully fetched https://books.toscrape.com/catalogue/page-15.html - Status: 200
2026-10-06 14:00:25,868 - INFO - Requesting page: https://books.toscrape.com/catalogue/page-16.html
2026-10-06 14:00:26,517 - INFO - Successfully fetched https://books.toscrape.com/catalogue/page-16.html - Status: 200
2026-10-06 14:00:27,054 - INFO - Requesting page: https://books.toscrape.com/catalogue/page-17.html
2026-10-06 14:00:27,642 - INFO - Successfully fetched https://books.toscrape.com/catalogue/page-17.html - Status: 200
2026-10-06 14:00:28,159 - INFO - Requesting page: https://books.toscrape.com/catalogue/page-18.html
2026-10-06 14:00:28,852 - INFO - Successfully fetched https://books.toscrape.com/catalogue/page-18.html - Status: 200
2026-10-06 14:00:29,382 - INFO - Requesting page: https://books.toscrape.com/catalogue/page-19.html
2026-10-06 14:00:29,947 - INFO - Successfully fetched https://books.toscrape.com/catalogue/page-19.html - Status: 200
2026-10-06 14:00:30,478 - INFO - Requesting page: https://books.toscrape.com/catalogue/page-20.html
2026-10-06 14:00:31,302 - INFO - Successfully fetched https://books.toscrape.com/catalogue/page-20.html - Status: 200
2026-10-06 14:00:31,833 - INFO - Requesting page: https://books.toscrape.com/catalogue/page-21.html
2026-10-06 14:00:32,536 - INFO - Successfully fetched https://books.toscrape.com/catalogue/page-21.html - Status: 200
2026-10-06 14:00:33,068 - INFO - Requesting page: https://books.toscrape.com/catalogue/page-22.html
2026-10-06 14:00:34,402 - INFO - Successfully fetched https://books.toscrape.com/catalogue/page-22.html - Status: 200
2026-10-06 14:00:34,932 - INFO - Requesting page: https://books.toscrape.com/catalogue/page-23.html
2026-10-06 14:00:36,014 - INFO - Successfully fetched https://books.toscrape.com/catalogue/page-23.html - Status: 200
2026-10-06 14:00:36,542 - INFO - Requesting page: https://books.toscrape.com/catalogue/page-24.html
2026-10-06 14:00:37,243 - INFO - Successfully fetched https://books.toscrape.com/catalogue/page-24.html - Status: 200
2026-10-06 14:00:37,777 - INFO - Requesting page: https://books.toscrape.com/catalogue/page-25.html
2026-10-06 14:00:38,564 - INFO - Successfully fetched https://books.toscrape.com/catalogue/page-25.html - Status: 200
2026-10-06 14:00:39,092 - INFO - Requesting page: https://books.toscrape.com/catalogue/page-26.html
2026-10-06 14:00:39,929 - INFO - Successfully fetched https://books.toscrape.com/catalogue/page-26.html - Status: 200
2026-10-06 14:00:40,460 - INFO - Requesting page: https://books.toscrape.com/catalogue/page-27.html
2026-10-06 14:00:41,080 - INFO - Successfully fetched https://books.toscrape.com/catalogue/page-27.html - Status: 200
2026-10-06 14:00:41,609 - INFO - Requesting page: https://books.toscrape.com/catalogue/page-28.html
2026-10-06 14:00:42,329 - INFO - Successfully fetched https://books.toscrape.com/catalogue/page-28.html - Status: 200
2026-10-06 14:00:42,858 - INFO - Requesting page: https://books.toscrape.com/catalogue/page-29.html
2026-10-06 14:00:43,654 - INFO - Successfully fetched https://books.toscrape.com/catalogue/page-29.html - Status: 200
2026-10-06 14:00:44,181 - INFO - Requesting page: https://books.toscrape.com/catalogue/page-30.html
2026-10-06 14:00:44,911 - INFO - Successfully fetched https://books.toscrape.com/catalogue/page-30.html - Status: 200
2026-10-06 14:00:45,440 - INFO - Requesting page: https://books.toscrape.com/catalogue/page-31.html
2026-10-06 14:00:46,309 - INFO - Successfully fetched https://books.toscrape.com/catalogue/page-31.html - Status: 200
2026-10-06 14:00:46,846 - INFO - Requesting page: https://books.toscrape.com/catalogue/page-32.html
2026-10-06 14:00:47,742 - INFO - Successfully fetched https://books.toscrape.com/catalogue/page-32.html - Status: 200
2026-10-06 14:00:48,273 - INFO - Requesting page: https://books.toscrape.com/catalogue/page-33.html
2026-10-06 14:00:48,918 - INFO - Successfully fetched https://books.toscrape.com/catalogue/page-33.html - Status: 200
2026-10-06 14:00:49,447 - INFO - Requesting page: https://books.toscrape.com/catalogue/page-34.html
2026-10-06 14:00:50,845 - INFO - Successfully fetched https://books.toscrape.com/catalogue/page-34.html - Status: 200
2026-10-06 14:00:51,367 - INFO - Requesting page: https://books.toscrape.com/catalogue/page-35.html
2026-10-06 14:00:52,308 - INFO - Successfully fetched https://books.toscrape.com/catalogue/page-35.html - Status: 200
2026-10-06 14:00:52,836 - INFO - Requesting page: https://books.toscrape.com/catalogue/page-36.html
2026-10-06 14:00:53,928 - INFO - Successfully fetched https://books.toscrape.com/catalogue/page-36.html - Status: 200
2026-10-06 14:00:54,450 - INFO - Requesting page: https://books.toscrape.com/catalogue/page-37.html
2026-10-06 14:00:55,776 - INFO - Successfully fetched https://books.toscrape.com/catalogue/page-37.html - Status: 200
2026-10-06 14:00:56,309 - INFO - Requesting page: https://books.toscrape.com/catalogue/page-38.html
2026-10-06 14:00:58,670 - INFO - Successfully fetched https://books.toscrape.com/catalogue/page-38.html - Status: 200
2026-10-06 14:00:59,202 - INFO - Requesting page: https://books.toscrape.com/catalogue/page-39.html
2026-10-06 14:01:00,649 - INFO - Successfully fetched https://books.toscrape.com/catalogue/page-39.html - Status: 200
2026-10-06 14:01:01,176 - INFO - Requesting page: https://books.toscrape.com/catalogue/page-40.html
2026-10-06 14:01:02,432 - INFO - Successfully fetched https://books.toscrape.com/catalogue/page-40.html - Status: 200
2026-10-06 14:01:02,962 - INFO - Requesting page: https://books.toscrape.com/catalogue/page-41.html
2026-10-06 14:01:04,070 - INFO - Successfully fetched https://books.toscrape.com/catalogue/page-41.html - Status: 200
2026-10-06 14:01:04,607 - INFO - Requesting page: https://books.toscrape.com/catalogue/page-42.html
2026-10-06 14:01:06,537 - INFO - Successfully fetched https://books.toscrape.com/catalogue/page-42.html - Status: 200
2026-10-06 14:01:07,064 - INFO - Requesting page: https://books.toscrape.com/catalogue/page-43.html
2026-10-06 14:01:08,036 - INFO - Successfully fetched https://books.toscrape.com/catalogue/page-43.html - Status: 200
2026-10-06 14:01:08,566 - INFO - Requesting page: https://books.toscrape.com/catalogue/page-44.html
2026-10-06 14:01:09,809 - INFO - Successfully fetched https://books.toscrape.com/catalogue/page-44.html - Status: 200
2026-10-06 14:01:10,338 - INFO - Requesting page: https://books.toscrape.com/catalogue/page-45.html
2026-10-06 14:01:11,547 - INFO - Successfully fetched https://books.toscrape.com/catalogue/page-45.html - Status: 200
2026-10-06 14:01:12,087 - INFO - Requesting page: https://books.toscrape.com/catalogue/page-46.html
2026-10-06 14:01:13,124 - INFO - Successfully fetched https://books.toscrape.com/catalogue/page-46.html - Status: 200
2026-10-06 14:01:13,652 - INFO - Requesting page: https://books.toscrape.com/catalogue/page-47.html
2026-10-06 14:01:14,619 - INFO - Successfully fetched https://books.toscrape.com/catalogue/page-47.html - Status: 200
2026-10-06 14:01:15,153 - INFO - Requesting page: https://books.toscrape.com/catalogue/page-48.html
2026-10-06 14:01:16,169 - INFO - Successfully fetched https://books.toscrape.com/catalogue/page-48.html - Status: 200
2026-10-06 14:01:16,699 - INFO - Requesting page: https://books.toscrape.com/catalogue/page-49.html
2026-10-06 14:01:17,688 - INFO - Successfully fetched https://books.toscrape.com/catalogue/page-49.html - Status: 200
2026-10-06 14:01:18,224 - INFO - Requesting page: https://books.toscrape.com/catalogue/page-50.html
2026-10-06 14:01:18,920 - INFO - Successfully fetched https://books.toscrape.com/catalogue/page-50.html - Status: 200
2026-10-06 14:01:19,439 - INFO - Requesting page: https://quotes.toscrape.com/
2026-10-06 14:01:20,863 - INFO - Successfully fetched https://quotes.toscrape.com/ - Status: 200
2026-10-06 14:01:21,375 - INFO - Requesting page: https://quotes.toscrape.com//page/2/
2026-10-06 14:01:21,687 - INFO - Successfully fetched https://quotes.toscrape.com//page/2/ - Status: 200
2026-10-06 14:01:22,200 - INFO - Requesting page: https://quotes.toscrape.com//page/2//page/3/
2026-10-06 14:01:22,922 - ERROR - Failed to fetch https://quotes.toscrape.com//page/2//page/3/: 404 Client Error: NOT FOUND for url: https://quotes.toscrape.com//page/2//page/3/
2026-10-06 14:01:22,922 - INFO - Books scraped: 1000
2026-10-06 14:01:22,922 - INFO - Quotes scraped: 20
2026-10-06 14:01:22,983 - INFO - Final CSV saved: C:\Users\User\OneDrive\\u30c9\u30ad\u30e5\u30e1\u30f3\u30c8\scraping_assignment\output\final_dataset.csv
2026-10-06 14:01:22,984 - INFO - Summary report saved: C:\Users\User\OneDrive\\u30c9\u30ad\u30e5\u30e1\u30f3\u30c8\scraping_assignment\output\summary_report.json
2026-10-06 14:01:22,984 - INFO - ========== SCRAPING COMPLETED ==========
2026-10-06 15:33:11,266 - INFO - ========== SCRAPING STARTED ==========
2026-10-06 15:33:11,267 - INFO - Starting scraping process
2026-10-06 15:33:11,267 - INFO - Requesting page: https://books.toscrape.com/
2026-10-06 15:33:13,129 - INFO - Successfully fetched https://books.toscrape.com/ - Status: 200
2026-10-06 15:33:13,673 - INFO - Requesting page: https://books.toscrape.com/catalogue/page-2.html
2026-10-06 15:33:14,025 - INFO - Successfully fetched https://books.toscrape.com/catalogue/page-2.html - Status: 200
2026-10-06 15:33:14,557 - INFO - Requesting page: https://books.toscrape.com/catalogue/page-3.html
2026-10-06 15:33:14,886 - INFO - Successfully fetched https://books.toscrape.com/catalogue/page-3.html - Status: 200
2026-10-06 15:33:15,411 - INFO - Requesting page: https://books.toscrape.com/catalogue/page-4.html
2026-10-06 15:33:16,094 - INFO - Successfully fetched https://books.toscrape.com/catalogue/page-4.html - Status: 200
2026-10-06 15:33:16,615 - INFO - Requesting page: https://books.toscrape.com/catalogue/page-5.html
2026-10-06 15:33:17,034 - INFO - Successfully fetched https://books.toscrape.com/catalogue/page-5.html - Status: 200
2026-10-06 15:33:17,564 - INFO - Requesting page: https://books.toscrape.com/catalogue/page-6.html
2026-10-06 15:33:17,941 - INFO - Successfully fetched https://books.toscrape.com/catalogue/page-6.html - Status: 200
2026-10-06 15:33:18,473 - INFO - Requesting page: https://books.toscrape.com/catalogue/page-7.html
2026-10-06 15:33:18,863 - INFO - Successfully fetched https://books.toscrape.com/catalogue/page-7.html - Status: 200
2026-10-06 15:33:19,399 - INFO - Requesting page: https://books.toscrape.com/catalogue/page-8.html
2026-10-06 15:33:19,783 - INFO - Successfully fetched https://books.toscrape.com/catalogue/page-8.html - Status: 200
2026-10-06 15:33:20,305 - INFO - Requesting page: https://books.toscrape.com/catalogue/page-9.html
2026-10-06 15:33:20,667 - INFO - Successfully fetched https://books.toscrape.com/catalogue/page-9.html - Status: 200
2026-10-06 15:33:21,202 - INFO - Requesting page: https://books.toscrape.com/catalogue/page-10.html
2026-10-06 15:33:21,547 - INFO - Successfully fetched https://books.toscrape.com/catalogue/page-10.html - Status: 200
2026-10-06 15:33:22,076 - INFO - Requesting page: https://books.toscrape.com/catalogue/page-11.html
2026-10-06 15:33:22,451 - INFO - Successfully fetched https://books.toscrape.com/catalogue/page-11.html - Status: 200
2026-10-06 15:33:22,971 - INFO - Requesting page: https://books.toscrape.com/catalogue/page-12.html
2026-10-06 15:33:23,372 - INFO - Successfully fetched https://books.toscrape.com/catalogue/page-12.html - Status: 200
2026-10-06 15:33:23,901 - INFO - Requesting page: https://books.toscrape.com/catalogue/page-13.html
2026-10-06 15:33:24,240 - INFO - Successfully fetched https://books.toscrape.com/catalogue/page-13.html - Status: 200
2026-10-06 15:33:24,763 - INFO - Requesting page: https://books.toscrape.com/catalogue/page-14.html
2026-10-06 15:33:25,089 - INFO - Successfully fetched https://books.toscrape.com/catalogue/page-14.html - Status: 200
2026-10-06 15:33:25,620 - INFO - Requesting page: https://books.toscrape.com/catalogue/page-15.html
2026-10-06 15:33:26,235 - INFO - Successfully fetched https://books.toscrape.com/catalogue/page-15.html - Status: 200
2026-10-06 15:33:26,761 - INFO - Requesting page: https://books.toscrape.com/catalogue/page-16.html
2026-10-06 15:33:27,127 - INFO - Successfully fetched https://books.toscrape.com/catalogue/page-16.html - Status: 200
2026-10-06 15:33:27,659 - INFO - Requesting page: https://books.toscrape.com/catalogue/page-17.html
2026-10-06 15:33:28,012 - INFO - Successfully fetched https://books.toscrape.com/catalogue/page-17.html - Status: 200
2026-10-06 15:33:28,530 - INFO - Requesting page: https://books.toscrape.com/catalogue/page-18.html
2026-10-06 15:33:28,930 - INFO - Successfully fetched https://books.toscrape.com/catalogue/page-18.html - Status: 200
2026-10-06 15:33:29,454 - INFO - Requesting page: https://books.toscrape.com/catalogue/page-19.html
2026-10-06 15:33:29,826 - INFO - Successfully fetched https://books.toscrape.com/catalogue/page-19.html - Status: 200
2026-10-06 15:33:30,359 - INFO - Requesting page: https://books.toscrape.com/catalogue/page-20.html
2026-10-06 15:33:31,045 - INFO - Successfully fetched https://books.toscrape.com/catalogue/page-20.html - Status: 200
2026-10-06 15:33:31,571 - INFO - Requesting page: https://books.toscrape.com/catalogue/page-21.html
2026-10-06 15:33:31,947 - INFO - Successfully fetched https://books.toscrape.com/catalogue/page-21.html - Status: 200
2026-10-06 15:33:32,481 - INFO - Requesting page: https://books.toscrape.com/catalogue/page-22.html
2026-10-06 15:33:33,091 - INFO - Successfully fetched https://books.toscrape.com/catalogue/page-22.html - Status: 200
2026-10-06 15:33:33,628 - INFO - Requesting page: https://books.toscrape.com/catalogue/page-23.html
2026-10-06 15:33:34,333 - INFO - Successfully fetched https://books.toscrape.com/catalogue/page-23.html - Status: 200
2026-10-06 15:33:34,865 - INFO - Requesting page: https://books.toscrape.com/catalogue/page-24.html
2026-10-06 15:33:35,472 - INFO - Successfully fetched https://books.toscrape.com/catalogue/page-24.html - Status: 200
2026-10-06 15:33:36,004 - INFO - Requesting page: https://books.toscrape.com/catalogue/page-25.html
2026-10-06 15:33:36,775 - INFO - Successfully fetched https://books.toscrape.com/catalogue/page-25.html - Status: 200
2026-10-06 15:33:37,296 - INFO - Requesting page: https://books.toscrape.com/catalogue/page-26.html
2026-10-06 15:33:37,784 - INFO - Successfully fetched https://books.toscrape.com/catalogue/page-26.html - Status: 200
2026-10-06 15:33:38,319 - INFO - Requesting page: https://books.toscrape.com/catalogue/page-27.html
2026-10-06 15:33:38,749 - INFO - Successfully fetched https://books.toscrape.com/catalogue/page-27.html - Status: 200
2026-10-06 15:33:39,283 - INFO - Requesting page: https://books.toscrape.com/catalogue/page-28.html
2026-10-06 15:33:39,632 - INFO - Successfully fetched https://books.toscrape.com/catalogue/page-28.html - Status: 200
2026-10-06 15:33:40,161 - INFO - Requesting page: https://books.toscrape.com/catalogue/page-29.html
2026-10-06 15:33:40,496 - INFO - Successfully fetched https://books.toscrape.com/catalogue/page-29.html - Status: 200
2026-10-06 15:33:41,027 - INFO - Requesting page: https://books.toscrape.com/catalogue/page-30.html
2026-10-06 15:33:41,705 - INFO - Successfully fetched https://books.toscrape.com/catalogue/page-30.html - Status: 200
2026-10-06 15:33:42,233 - INFO - Requesting page: https://books.toscrape.com/catalogue/page-31.html
2026-10-06 15:33:42,921 - INFO - Successfully fetched https://books.toscrape.com/catalogue/page-31.html - Status: 200
2026-10-06 15:33:43,451 - INFO - Requesting page: https://books.toscrape.com/catalogue/page-32.html
2026-10-06 15:33:43,777 - INFO - Successfully fetched https://books.toscrape.com/catalogue/page-32.html - Status: 200
2026-10-06 15:33:44,305 - INFO - Requesting page: https://books.toscrape.com/catalogue/page-33.html
2026-10-06 15:33:44,970 - INFO - Successfully fetched https://books.toscrape.com/catalogue/page-33.html - Status: 200
2026-10-06 15:33:45,517 - INFO - Requesting page: https://books.toscrape.com/catalogue/page-34.html
2026-10-06 15:33:46,200 - INFO - Successfully fetched https://books.toscrape.com/catalogue/page-34.html - Status: 200
2026-10-06 15:33:46,729 - INFO - Requesting page: https://books.toscrape.com/catalogue/page-35.html
2026-10-06 15:33:47,428 - INFO - Successfully fetched https://books.toscrape.com/catalogue/page-35.html - Status: 200
2026-10-06 15:33:47,958 - INFO - Requesting page: https://books.toscrape.com/catalogue/page-36.html
2026-10-06 15:33:48,354 - INFO - Successfully fetched https://books.toscrape.com/catalogue/page-36.html - Status: 200
2026-10-06 15:33:48,884 - INFO - Requesting page: https://books.toscrape.com/catalogue/page-37.html
2026-10-06 15:33:49,275 - INFO - Successfully fetched https://books.toscrape.com/catalogue/page-37.html - Status: 200
2026-10-06 15:33:49,803 - INFO - Requesting page: https://books.toscrape.com/catalogue/page-38.html
2026-10-06 15:33:50,499 - INFO - Successfully fetched https://books.toscrape.com/catalogue/page-38.html - Status: 200
2026-10-06 15:33:51,035 - INFO - Requesting page: https://books.toscrape.com/catalogue/page-39.html
2026-10-06 15:33:51,436 - INFO - Successfully fetched https://books.toscrape.com/catalogue/page-39.html - Status: 200
2026-10-06 15:33:51,965 - INFO - Requesting page: https://books.toscrape.com/catalogue/page-40.html
2026-10-06 15:33:52,657 - INFO - Successfully fetched https://books.toscrape.com/catalogue/page-40.html - Status: 200
2026-10-06 15:33:53,183 - INFO - Requesting page: https://books.toscrape.com/catalogue/page-41.html
2026-10-06 15:33:53,883 - INFO - Successfully fetched https://books.toscrape.com/catalogue/page-41.html - Status: 200
2026-10-06 15:33:54,418 - INFO - Requesting page: https://books.toscrape.com/catalogue/page-42.html
2026-10-06 15:33:55,211 - INFO - Successfully fetched https://books.toscrape.com/catalogue/page-42.html - Status: 200
2026-10-06 15:33:55,747 - INFO - Requesting page: https://books.toscrape.com/catalogue/page-43.html
2026-10-06 15:33:56,135 - INFO - Successfully fetched https://books.toscrape.com/catalogue/page-43.html - Status: 200
2026-10-06 15:33:56,667 - INFO - Requesting page: https://books.toscrape.com/catalogue/page-44.html
2026-10-06 15:33:57,369 - INFO - Successfully fetched https://books.toscrape.com/catalogue/page-44.html - Status: 200
2026-10-06 15:33:57,911 - INFO - Requesting page: https://books.toscrape.com/catalogue/page-45.html
2026-10-06 15:33:58,596 - INFO - Successfully fetched https://books.toscrape.com/catalogue/page-45.html - Status: 200
2026-10-06 15:33:59,125 - INFO - Requesting page: https://books.toscrape.com/catalogue/page-46.html
2026-10-06 15:33:59,827 - INFO - Successfully fetched https://books.toscrape.com/catalogue/page-46.html - Status: 200
2026-10-06 15:34:00,359 - INFO - Requesting page: https://books.toscrape.com/catalogue/page-47.html
2026-10-06 15:34:00,691 - INFO - Successfully fetched https://books.toscrape.com/catalogue/page-47.html - Status: 200
2026-10-06 15:34:01,229 - INFO - Requesting page: https://books.toscrape.com/catalogue/page-48.html
2026-10-06 15:34:01,600 - INFO - Successfully fetched https://books.toscrape.com/catalogue/page-48.html - Status: 200
2026-10-06 15:34:02,122 - INFO - Requesting page: https://books.toscrape.com/catalogue/page-49.html
2026-10-06 15:34:02,465 - INFO - Successfully fetched https://books.toscrape.com/catalogue/page-49.html - Status: 200
2026-10-06 15:34:03,000 - INFO - Requesting page: https://books.toscrape.com/catalogue/page-50.html
2026-10-06 15:34:03,614 - INFO - Successfully fetched https://books.toscrape.com/catalogue/page-50.html - Status: 200
2026-10-06 15:34:04,142 - INFO - Requesting page: https://quotes.toscrape.com/
2026-10-06 15:34:05,451 - INFO - Successfully fetched https://quotes.toscrape.com/ - Status: 200
2026-10-06 15:34:05,966 - INFO - Requesting page: https://quotes.toscrape.com/page/2/
2026-10-06 15:34:06,576 - INFO - Successfully fetched https://quotes.toscrape.com/page/2/ - Status: 200
2026-10-06 15:34:07,089 - INFO - Requesting page: https://quotes.toscrape.com/page/3/
2026-10-06 15:34:07,415 - INFO - Successfully fetched https://quotes.toscrape.com/page/3/ - Status: 200
2026-10-06 15:34:07,930 - INFO - Requesting page: https://quotes.toscrape.com/page/4/
2026-10-06 15:34:08,232 - INFO - Successfully fetched https://quotes.toscrape.com/page/4/ - Status: 200
2026-10-06 15:34:08,748 - INFO - Requesting page: https://quotes.toscrape.com/page/5/
2026-10-06 15:34:09,046 - INFO - Successfully fetched https://quotes.toscrape.com/page/5/ - Status: 200
2026-10-06 15:34:09,559 - INFO - Requesting page: https://quotes.toscrape.com/page/6/
2026-10-06 15:34:09,875 - INFO - Successfully fetched https://quotes.toscrape.com/page/6/ - Status: 200
2026-10-06 15:34:10,382 - INFO - Requesting page: https://quotes.toscrape.com/page/7/
2026-10-06 15:34:10,685 - INFO - Successfully fetched https://quotes.toscrape.com/page/7/ - Status: 200
2026-10-06 15:34:11,196 - INFO - Requesting page: https://quotes.toscrape.com/page/8/
2026-10-06 15:34:11,500 - INFO - Successfully fetched https://quotes.toscrape.com/page/8/ - Status: 200
2026-10-06 15:34:12,014 - INFO - Requesting page: https://quotes.toscrape.com/page/9/
2026-10-06 15:34:12,313 - INFO - Successfully fetched https://quotes.toscrape.com/page/9/ - Status: 200
2026-10-06 15:34:12,825 - INFO - Requesting page: https://quotes.toscrape.com/page/10/
2026-10-06 15:34:13,138 - INFO - Successfully fetched https://quotes.toscrape.com/page/10/ - Status: 200
2026-10-06 15:34:13,651 - INFO - Books scraped: 1000
2026-10-06 15:34:13,651 - INFO - Quotes scraped: 100
2026-10-06 15:34:13,702 - INFO - Final CSV saved: C:\Users\User\OneDrive\\u30c9\u30ad\u30e5\u30e1\u30f3\u30c8\scraping_assignment\output\final_dataset.csv
2026-10-06 15:34:13,703 - INFO - Summary report saved: C:\Users\User\OneDrive\\u30c9\u30ad\u30e5\u30e1\u30f3\u30c8\scraping_assignment\output\summary_report.json
2026-10-06 15:34:13,703 - INFO - Execution time: 62.44 seconds
2026-10-06 15:34:13,704 - INFO - ========== SCRAPING COMPLETED ==========
